// Vitest Snapshot v1, https://vitest.dev/guide/snapshot.html

exports[`<ErrorFallback/> > renders correctly 1`] = `
<div>
  <div>
    Ooops, something went wrong :(
  </div>
</div>
`;
